// Vitest Snapshot v1, https://vitest.dev/guide/snapshot.html

exports[`CounterComponent > El html se mantiene en las pruebas 1`] = `
"<div>
  <h2>Contador</h2>
  <p id="contador">0</p><button id="disminuir">-1</button><button id="aumentar">+1</button>
</div>"
`;
